RAM Allocation
Variable                                                          Address   Size
--------------------------------------------------------------------------------
led                                                               0x0160      17
hien                                                              0x0171       4

EEPROM Allocation
Variable                                                          Address   Size
--------------------------------------------------------------------------------

Register Allocation
Variable                                                          Register  Size
--------------------------------------------------------------------------------
key                                                               R4,R5        2
x                                                                 R6,R7        2
i                                                                 R8,R9        2
j                                                                 R10,R11      2
row                                                               R12,R13      2
