RAM Allocation [bytes]
Variable                                                                          Address   Size
------------------------------------------------------------------------------------------------

EEPROM Allocation [bytes]
Variable                                                                          Address   Size
------------------------------------------------------------------------------------------------

Register Allocation
Variable                                                                          Register  Size
------------------------------------------------------------------------------------------------

FLASH Allocation [words]
Function                                                                          Address   Size
------------------------------------------------------------------------------------------------
LCD_Write                                                                         0x0006E     12
LCD_Write_String                                                                  0x0007A     28
LCD_Write_String_Addr                                                             0x00096     20
LCD_Init                                                                          0x000AA      7
main                                                                              0x000B1     29
