RAM Allocation [bytes]
Variable                                                                          Address   Size
------------------------------------------------------------------------------------------------

EEPROM Allocation [bytes]
Variable                                                                          Address   Size
------------------------------------------------------------------------------------------------

Register Allocation
Variable                                                                          Register  Size
------------------------------------------------------------------------------------------------
ADC_data                                                                          R5           1

FLASH Allocation [words]
Function                                                                          Address   Size
------------------------------------------------------------------------------------------------
LCD_instruction                                                                   0x00045      4
LCD_write                                                                         0x00049      4
LCD_init                                                                          0x0004D      9
Decimal_Convert                                                                   0x00056     20
Voltage_Convert                                                                   0x0006A     49
Read_ADC                                                                          0x0009B     10
ADC_ISR                                                                           0x000A5      3
USART_Transmit                                                                    0x000A8      7
USART_Receive                                                                     0x000AF      4
main                                                                              0x000B3     39
