RAM Allocation [bytes]
Variable                                                                          Address   Size
------------------------------------------------------------------------------------------------

EEPROM Allocation [bytes]
Variable                                                                          Address   Size
------------------------------------------------------------------------------------------------

Register Allocation
Variable                                                                          Register  Size
------------------------------------------------------------------------------------------------

FLASH Allocation [words]
Function                                                                          Address   Size
------------------------------------------------------------------------------------------------
LCD_instruction                                                                   0x00075      5
LCD_write                                                                         0x0007A      5
LCD_writes                                                                        0x0007F     28
LCD_string                                                                        0x0009B     20
LCD_init                                                                          0x000AF      9
read_adc                                                                          0x000B8     13
Decimal_Convert                                                                   0x000C5     24
Binary_Convert                                                                    0x000DD     21
Hexa_Convert                                                                      0x000F2     37
Voltage_Convert                                                                   0x00117     52
main                                                                              0x0014B     52
